// Jest Snapshot v1, https://goo.gl/fbAQLP

exports[`ConvertForm whould render correctly 1`] = `ShallowWrapper {}`;
