// Jest Snapshot v1, https://goo.gl/fbAQLP

exports[`Result whould render correctly 1`] = `ShallowWrapper {}`;
