// Jest Snapshot v1, https://goo.gl/fbAQLP

exports[`NavBar whould render correctly 1`] = `ShallowWrapper {}`;

exports[`NavBar whould render correctly when title is set 1`] = `ShallowWrapper {}`;
