// Jest Snapshot v1, https://goo.gl/fbAQLP

exports[`LandingPage whould render correctly 1`] = `ShallowWrapper {}`;
